CPU Reset (CPU 0)
 V      =   0
 pc       00000000
 mhartid  00000000
 mstatus  00000000
 mstatush 00000000
 hstatus  00000000
 vsstatus 00000000
 mip      00000000
 mie      00000000
 mideleg  00001444
 hideleg  00000000
 medeleg  00000000
 hedeleg  00000000
 mtvec    00000000
 stvec    00000000
 vstvec   00000000
 mepc     00000000
 sepc     00000000
 vsepc    00000000
 mcause   00000000
 scause   00000000
 vscause  00000000
 mtval    00000000
 stval    00000000
 htval    00000000
 mtval2   00000000
 mscratch 00000000
 sscratch 00000000
 satp     00000000
 x0/zero  00000000 x1/ra    00000000 x2/sp    00000000 x3/gp    00000000
 x4/tp    00000000 x5/t0    00000000 x6/t1    00000000 x7/t2    00000000
 x8/s0    00000000 x9/s1    00000000 x10/a0   00000000 x11/a1   00000000
 x12/a2   00000000 x13/a3   00000000 x14/a4   00000000 x15/a5   00000000
 x16/a6   00000000 x17/a7   00000000 x18/s2   00000000 x19/s3   00000000
 x20/s4   00000000 x21/s5   00000000 x22/s6   00000000 x23/s7   00000000
 x24/s8   00000000 x25/s9   00000000 x26/s10  00000000 x27/s11  00000000
 x28/t3   00000000 x29/t4   00000000 x30/t5   00000000 x31/t6   00000000
CPU Reset (CPU 0)
 V      =   0
 pc       00001000
 mhartid  00000000
 mstatus  00000000
 mstatush 00000000
 hstatus  00000000
 vsstatus 00000000
 mip      00000080
 mie      00000000
 mideleg  00001444
 hideleg  00000000
 medeleg  00000000
 hedeleg  00000000
 mtvec    00000000
 stvec    00000000
 vstvec   00000000
 mepc     00000000
 sepc     00000000
 vsepc    00000000
 mcause   00000000
 scause   00000000
 vscause  00000000
 mtval    00000000
 stval    00000000
 htval    00000000
 mtval2   00000000
 mscratch 00000000
 sscratch 00000000
 satp     00000000
 x0/zero  00000000 x1/ra    00000000 x2/sp    00000000 x3/gp    00000000
 x4/tp    00000000 x5/t0    00000000 x6/t1    00000000 x7/t2    00000000
 x8/s0    00000000 x9/s1    00000000 x10/a0   00000000 x11/a1   00000000
 x12/a2   00000000 x13/a3   00000000 x14/a4   00000000 x15/a5   00000000
 x16/a6   00000000 x17/a7   00000000 x18/s2   00000000 x19/s3   00000000
 x20/s4   00000000 x21/s5   00000000 x22/s6   00000000 x23/s7   00000000
 x24/s8   00000000 x25/s9   00000000 x26/s10  00000000 x27/s11  00000000
 x28/t3   00000000 x29/t4   00000000 x30/t5   00000000 x31/t6   00000000
ignoring pmpaddr read - out of bounds
ignoring pmpaddr write - out of bounds
ignoring pmpaddr read - out of bounds
ignoring pmpaddr write - out of bounds
riscv_cpu_do_interrupt: hart:0, async:0, cause:00000002, epc:0x8000de12, tval:0xb1302873, desc=illegal_instruction
riscv_cpu_do_interrupt: hart:0, async:0, cause:00000002, epc:0x8000de4e, tval:0xb1402873, desc=illegal_instruction
riscv_cpu_do_interrupt: hart:0, async:0, cause:00000002, epc:0x8000de8a, tval:0xb1502873, desc=illegal_instruction
riscv_cpu_do_interrupt: hart:0, async:0, cause:00000002, epc:0x8000dec6, tval:0xb1602873, desc=illegal_instruction
riscv_cpu_do_interrupt: hart:0, async:0, cause:00000002, epc:0x8000df02, tval:0xb1702873, desc=illegal_instruction
riscv_cpu_do_interrupt: hart:0, async:0, cause:00000002, epc:0x8000df3e, tval:0xb1802873, desc=illegal_instruction
riscv_cpu_do_interrupt: hart:0, async:0, cause:00000002, epc:0x8000df7a, tval:0xb1902873, desc=illegal_instruction
riscv_cpu_do_interrupt: hart:0, async:0, cause:00000002, epc:0x8000dfb6, tval:0xb1a02873, desc=illegal_instruction
riscv_cpu_do_interrupt: hart:0, async:0, cause:00000002, epc:0x8000dff2, tval:0xb1b02873, desc=illegal_instruction
riscv_cpu_do_interrupt: hart:0, async:0, cause:00000002, epc:0x8000e02e, tval:0xb1c02873, desc=illegal_instruction
riscv_cpu_do_interrupt: hart:0, async:0, cause:00000002, epc:0x8000e06a, tval:0xb1d02873, desc=illegal_instruction
riscv_cpu_do_interrupt: hart:0, async:0, cause:00000002, epc:0x8000e0a6, tval:0xb1e02873, desc=illegal_instruction
riscv_cpu_do_interrupt: hart:0, async:0, cause:00000002, epc:0x8000e0e2, tval:0xb1f02873, desc=illegal_instruction
riscv_cpu_do_interrupt: hart:0, async:0, cause:00000002, epc:0x8000e19a, tval:0xda002573, desc=illegal_instruction
riscv_cpu_do_interrupt: hart:0, async:0, cause:00000002, epc:0x8000e1ee, tval:0xfb002573, desc=illegal_instruction
riscv_cpu_do_interrupt: hart:0, async:0, cause:00000002, epc:0x8000e244, tval:0x30c02573, desc=illegal_instruction
riscv_cpu_do_interrupt: hart:0, async:0, cause:00000002, epc:0x8000e272, tval:0x32102573, desc=illegal_instruction
riscv_cpu_do_interrupt: hart:0, async:0, cause:00000003, epc:0x80010724, tval:0x80010724, desc=breakpoint
riscv_cpu_do_interrupt: hart:0, async:0, cause:00000009, epc:0x8020eb98, tval:0x00000000, desc=supervisor_ecall
riscv_cpu_do_interrupt: hart:0, async:0, cause:00000009, epc:0x8020eb98, tval:0x00000000, desc=supervisor_ecall
riscv_cpu_do_interrupt: hart:0, async:0, cause:00000009, epc:0x8020eb98, tval:0x00000000, desc=supervisor_ecall
riscv_cpu_do_interrupt: hart:0, async:0, cause:00000009, epc:0x8020eb98, tval:0x00000000, desc=supervisor_ecall
riscv_cpu_do_interrupt: hart:0, async:0, cause:00000009, epc:0x8020eb98, tval:0x00000000, desc=supervisor_ecall
riscv_cpu_do_interrupt: hart:0, async:0, cause:00000009, epc:0x8020eb98, tval:0x00000000, desc=supervisor_ecall
riscv_cpu_do_interrupt: hart:0, async:0, cause:00000009, epc:0x8020eb98, tval:0x00000000, desc=supervisor_ecall
riscv_cpu_do_interrupt: hart:0, async:0, cause:00000009, epc:0x8020eb98, tval:0x00000000, desc=supervisor_ecall
riscv_cpu_do_interrupt: hart:0, async:0, cause:00000009, epc:0x8020eb98, tval:0x00000000, desc=supervisor_ecall
riscv_cpu_do_interrupt: hart:0, async:0, cause:00000009, epc:0x8020eb98, tval:0x00000000, desc=supervisor_ecall
riscv_cpu_do_interrupt: hart:0, async:0, cause:00000009, epc:0x8020eb98, tval:0x00000000, desc=supervisor_ecall
riscv_cpu_do_interrupt: hart:0, async:0, cause:00000009, epc:0x8020eb98, tval:0x00000000, desc=supervisor_ecall
riscv_cpu_do_interrupt: hart:0, async:0, cause:00000009, epc:0x8020eb98, tval:0x00000000, desc=supervisor_ecall
riscv_cpu_do_interrupt: hart:0, async:0, cause:00000009, epc:0x8020eb98, tval:0x00000000, desc=supervisor_ecall
riscv_cpu_do_interrupt: hart:0, async:0, cause:00000009, epc:0x8020eb98, tval:0x00000000, desc=supervisor_ecall
riscv_cpu_do_interrupt: hart:0, async:0, cause:00000009, epc:0x8020eb98, tval:0x00000000, desc=supervisor_ecall
riscv_cpu_do_interrupt: hart:0, async:0, cause:00000009, epc:0x8020eb98, tval:0x00000000, desc=supervisor_ecall
riscv_cpu_do_interrupt: hart:0, async:0, cause:00000009, epc:0x8020eb98, tval:0x00000000, desc=supervisor_ecall
riscv_cpu_do_interrupt: hart:0, async:0, cause:00000009, epc:0x8020eb98, tval:0x00000000, desc=supervisor_ecall
riscv_cpu_do_interrupt: hart:0, async:0, cause:00000009, epc:0x8020eb98, tval:0x00000000, desc=supervisor_ecall
riscv_cpu_do_interrupt: hart:0, async:0, cause:00000009, epc:0x8020eb98, tval:0x00000000, desc=supervisor_ecall
riscv_cpu_do_interrupt: hart:0, async:0, cause:00000009, epc:0x8020eb98, tval:0x00000000, desc=supervisor_ecall
riscv_cpu_do_interrupt: hart:0, async:0, cause:00000009, epc:0x8020eb98, tval:0x00000000, desc=supervisor_ecall
riscv_cpu_do_interrupt: hart:0, async:0, cause:00000009, epc:0x8020eb98, tval:0x00000000, desc=supervisor_ecall
riscv_cpu_do_interrupt: hart:0, async:0, cause:00000009, epc:0x8020eb98, tval:0x00000000, desc=supervisor_ecall
riscv_cpu_do_interrupt: hart:0, async:0, cause:00000009, epc:0x8020eb98, tval:0x00000000, desc=supervisor_ecall
riscv_cpu_do_interrupt: hart:0, async:0, cause:00000009, epc:0x8020eb98, tval:0x00000000, desc=supervisor_ecall
riscv_cpu_do_interrupt: hart:0, async:0, cause:00000009, epc:0x8020eb98, tval:0x00000000, desc=supervisor_ecall
riscv_cpu_do_interrupt: hart:0, async:0, cause:00000009, epc:0x8020eb98, tval:0x00000000, desc=supervisor_ecall
riscv_cpu_do_interrupt: hart:0, async:0, cause:00000009, epc:0x8020eb98, tval:0x00000000, desc=supervisor_ecall
riscv_cpu_do_interrupt: hart:0, async:0, cause:00000009, epc:0x8020eb98, tval:0x00000000, desc=supervisor_ecall
riscv_cpu_do_interrupt: hart:0, async:0, cause:00000009, epc:0x8020eb98, tval:0x00000000, desc=supervisor_ecall
riscv_cpu_do_interrupt: hart:0, async:0, cause:00000009, epc:0x8020eb98, tval:0x00000000, desc=supervisor_ecall
riscv_cpu_do_interrupt: hart:0, async:0, cause:00000009, epc:0x8020eb98, tval:0x00000000, desc=supervisor_ecall
riscv_cpu_do_interrupt: hart:0, async:0, cause:00000009, epc:0x8020eb98, tval:0x00000000, desc=supervisor_ecall
riscv_cpu_do_interrupt: hart:0, async:0, cause:00000009, epc:0x8020eb98, tval:0x00000000, desc=supervisor_ecall
riscv_cpu_do_interrupt: hart:0, async:0, cause:00000009, epc:0x8020eb98, tval:0x00000000, desc=supervisor_ecall
riscv_cpu_do_interrupt: hart:0, async:0, cause:00000009, epc:0x8020eb98, tval:0x00000000, desc=supervisor_ecall
riscv_cpu_do_interrupt: hart:0, async:0, cause:00000009, epc:0x8020eb98, tval:0x00000000, desc=supervisor_ecall
riscv_cpu_do_interrupt: hart:0, async:0, cause:00000009, epc:0x8020eb98, tval:0x00000000, desc=supervisor_ecall
riscv_cpu_do_interrupt: hart:0, async:0, cause:00000009, epc:0x8020eb98, tval:0x00000000, desc=supervisor_ecall
riscv_cpu_do_interrupt: hart:0, async:0, cause:00000009, epc:0x8020eb98, tval:0x00000000, desc=supervisor_ecall
riscv_cpu_do_interrupt: hart:0, async:0, cause:00000009, epc:0x8020eb98, tval:0x00000000, desc=supervisor_ecall
riscv_cpu_do_interrupt: hart:0, async:0, cause:00000009, epc:0x8020eb98, tval:0x00000000, desc=supervisor_ecall
riscv_cpu_do_interrupt: hart:0, async:0, cause:00000009, epc:0x8020eb98, tval:0x00000000, desc=supervisor_ecall
riscv_cpu_do_interrupt: hart:0, async:0, cause:00000009, epc:0x8020eb98, tval:0x00000000, desc=supervisor_ecall
riscv_cpu_do_interrupt: hart:0, async:0, cause:00000009, epc:0x8020eb98, tval:0x00000000, desc=supervisor_ecall
riscv_cpu_do_interrupt: hart:0, async:0, cause:00000009, epc:0x8020eb98, tval:0x00000000, desc=supervisor_ecall
riscv_cpu_do_interrupt: hart:0, async:0, cause:00000009, epc:0x8020eb98, tval:0x00000000, desc=supervisor_ecall
riscv_cpu_do_interrupt: hart:0, async:0, cause:00000009, epc:0x8020eb98, tval:0x00000000, desc=supervisor_ecall
riscv_cpu_do_interrupt: hart:0, async:0, cause:00000009, epc:0x8020eb98, tval:0x00000000, desc=supervisor_ecall
riscv_cpu_do_interrupt: hart:0, async:0, cause:00000009, epc:0x8020eb98, tval:0x00000000, desc=supervisor_ecall
riscv_cpu_do_interrupt: hart:0, async:0, cause:00000009, epc:0x8020eb98, tval:0x00000000, desc=supervisor_ecall
riscv_cpu_do_interrupt: hart:0, async:0, cause:00000009, epc:0x8020eb98, tval:0x00000000, desc=supervisor_ecall
riscv_cpu_do_interrupt: hart:0, async:0, cause:00000009, epc:0x8020eb98, tval:0x00000000, desc=supervisor_ecall
riscv_cpu_do_interrupt: hart:0, async:0, cause:00000009, epc:0x8020eb98, tval:0x00000000, desc=supervisor_ecall
riscv_cpu_do_interrupt: hart:0, async:0, cause:00000009, epc:0x8020eb98, tval:0x00000000, desc=supervisor_ecall
riscv_cpu_do_interrupt: hart:0, async:0, cause:00000009, epc:0x8020eb98, tval:0x00000000, desc=supervisor_ecall
riscv_cpu_do_interrupt: hart:0, async:0, cause:00000009, epc:0x8020eb98, tval:0x00000000, desc=supervisor_ecall
riscv_cpu_do_interrupt: hart:0, async:0, cause:00000009, epc:0x8020eb98, tval:0x00000000, desc=supervisor_ecall
riscv_cpu_do_interrupt: hart:0, async:0, cause:00000009, epc:0x8020eb98, tval:0x00000000, desc=supervisor_ecall
riscv_cpu_do_interrupt: hart:0, async:0, cause:00000009, epc:0x8020eb98, tval:0x00000000, desc=supervisor_ecall
riscv_cpu_do_interrupt: hart:0, async:0, cause:00000009, epc:0x8020eb98, tval:0x00000000, desc=supervisor_ecall
riscv_cpu_do_interrupt: hart:0, async:0, cause:00000009, epc:0x8020eb98, tval:0x00000000, desc=supervisor_ecall
riscv_cpu_do_interrupt: hart:0, async:0, cause:00000009, epc:0x8020eb98, tval:0x00000000, desc=supervisor_ecall
riscv_cpu_do_interrupt: hart:0, async:0, cause:00000009, epc:0x8020eb98, tval:0x00000000, desc=supervisor_ecall
riscv_cpu_do_interrupt: hart:0, async:0, cause:00000009, epc:0x8020eb98, tval:0x00000000, desc=supervisor_ecall
riscv_cpu_do_interrupt: hart:0, async:0, cause:00000009, epc:0x8020eb98, tval:0x00000000, desc=supervisor_ecall
riscv_cpu_do_interrupt: hart:0, async:0, cause:00000009, epc:0x8020eb98, tval:0x00000000, desc=supervisor_ecall
riscv_cpu_do_interrupt: hart:0, async:0, cause:00000009, epc:0x8020eb98, tval:0x00000000, desc=supervisor_ecall
riscv_cpu_do_interrupt: hart:0, async:0, cause:00000009, epc:0x8020eb98, tval:0x00000000, desc=supervisor_ecall
riscv_cpu_do_interrupt: hart:0, async:0, cause:00000009, epc:0x8020eb98, tval:0x00000000, desc=supervisor_ecall
riscv_cpu_do_interrupt: hart:0, async:0, cause:00000009, epc:0x8020eb98, tval:0x00000000, desc=supervisor_ecall
riscv_cpu_do_interrupt: hart:0, async:0, cause:00000009, epc:0x8020eb98, tval:0x00000000, desc=supervisor_ecall
riscv_cpu_do_interrupt: hart:0, async:0, cause:00000009, epc:0x8020eb98, tval:0x00000000, desc=supervisor_ecall
riscv_cpu_do_interrupt: hart:0, async:0, cause:00000009, epc:0x8020eb98, tval:0x00000000, desc=supervisor_ecall
riscv_cpu_do_interrupt: hart:0, async:0, cause:00000009, epc:0x8020eb98, tval:0x00000000, desc=supervisor_ecall
riscv_cpu_do_interrupt: hart:0, async:0, cause:00000009, epc:0x8020eb98, tval:0x00000000, desc=supervisor_ecall
riscv_cpu_do_interrupt: hart:0, async:0, cause:00000009, epc:0x8020eb98, tval:0x00000000, desc=supervisor_ecall
riscv_cpu_do_interrupt: hart:0, async:0, cause:00000009, epc:0x8020eb98, tval:0x00000000, desc=supervisor_ecall
riscv_cpu_do_interrupt: hart:0, async:0, cause:00000009, epc:0x8020eb98, tval:0x00000000, desc=supervisor_ecall
riscv_cpu_do_interrupt: hart:0, async:0, cause:00000009, epc:0x8020eb98, tval:0x00000000, desc=supervisor_ecall
riscv_cpu_do_interrupt: hart:0, async:0, cause:00000009, epc:0x8020eb98, tval:0x00000000, desc=supervisor_ecall
riscv_cpu_do_interrupt: hart:0, async:0, cause:00000009, epc:0x8020eb98, tval:0x00000000, desc=supervisor_ecall
riscv_cpu_do_interrupt: hart:0, async:0, cause:00000009, epc:0x8020eb98, tval:0x00000000, desc=supervisor_ecall
riscv_cpu_do_interrupt: hart:0, async:0, cause:00000009, epc:0x8020eb98, tval:0x00000000, desc=supervisor_ecall
riscv_cpu_do_interrupt: hart:0, async:0, cause:00000009, epc:0x8020eb98, tval:0x00000000, desc=supervisor_ecall
riscv_cpu_do_interrupt: hart:0, async:0, cause:00000009, epc:0x8020eb98, tval:0x00000000, desc=supervisor_ecall
riscv_cpu_do_interrupt: hart:0, async:0, cause:00000009, epc:0x8020eb98, tval:0x00000000, desc=supervisor_ecall
riscv_cpu_do_interrupt: hart:0, async:0, cause:00000009, epc:0x8020eb98, tval:0x00000000, desc=supervisor_ecall
riscv_cpu_do_interrupt: hart:0, async:0, cause:00000009, epc:0x8020eb98, tval:0x00000000, desc=supervisor_ecall
riscv_cpu_do_interrupt: hart:0, async:0, cause:00000009, epc:0x8020eb98, tval:0x00000000, desc=supervisor_ecall
riscv_cpu_do_interrupt: hart:0, async:0, cause:00000009, epc:0x8020eb98, tval:0x00000000, desc=supervisor_ecall
riscv_cpu_do_interrupt: hart:0, async:0, cause:00000009, epc:0x8020eb98, tval:0x00000000, desc=supervisor_ecall
riscv_cpu_do_interrupt: hart:0, async:0, cause:00000009, epc:0x8020eb98, tval:0x00000000, desc=supervisor_ecall
riscv_cpu_do_interrupt: hart:0, async:0, cause:00000009, epc:0x8020eb98, tval:0x00000000, desc=supervisor_ecall
riscv_cpu_do_interrupt: hart:0, async:0, cause:00000009, epc:0x8020eb98, tval:0x00000000, desc=supervisor_ecall
riscv_cpu_do_interrupt: hart:0, async:0, cause:00000009, epc:0x8020eb98, tval:0x00000000, desc=supervisor_ecall
riscv_cpu_do_interrupt: hart:0, async:0, cause:00000009, epc:0x8020eb98, tval:0x00000000, desc=supervisor_ecall
riscv_cpu_do_interrupt: hart:0, async:0, cause:00000009, epc:0x8020eb98, tval:0x00000000, desc=supervisor_ecall
riscv_cpu_do_interrupt: hart:0, async:0, cause:00000009, epc:0x8020eb98, tval:0x00000000, desc=supervisor_ecall
riscv_cpu_do_interrupt: hart:0, async:0, cause:00000009, epc:0x8020eb98, tval:0x00000000, desc=supervisor_ecall
riscv_cpu_do_interrupt: hart:0, async:0, cause:00000009, epc:0x8020eb98, tval:0x00000000, desc=supervisor_ecall
riscv_cpu_do_interrupt: hart:0, async:0, cause:00000009, epc:0x8020eb98, tval:0x00000000, desc=supervisor_ecall
